[
  {
    "protocol": "frozen_transfer",
    "window": 7,
    "horizon": 14,
    "model": "basket",
    "term": "all",
    "n": 84,
    "issue_days": 28,
    "first_issue": "2026-08-03",
    "last_issue": "2026-08-30",
    "mae": 0.32862893768247503,
    "rmse": 0.40153208225612436,
    "bias": -0.000870383015280053,
    "direction_accuracy": 0.38095238095238093,
    "skill": -0.13665612967668173,
    "overlapping_issue_pairs": 273,
    "total_issue_pairs": 378
  },
  {
    "protocol": "frozen_transfer",
    "window": 7,
    "horizon": 14,
    "model": "basket_abstain",
    "term": "all",
    "n": 84,
    "issue_days": 28,
    "first_issue": "2026-08-03",
    "last_issue": "2026-08-30",
    "mae": 0.33565783873086663,
    "rmse": 0.4117013340438926,
    "bias": -0.007899284063671675,
    "direction_accuracy": 0.38095238095238093,
    "skill": -0.16096757199179712,
    "overlapping_issue_pairs": 273,
    "total_issue_pairs": 378
  },
  {
    "protocol": "frozen_transfer",
    "window": 7,
    "horizon": 14,
    "model": "gap",
    "term": "all",
    "n": 84,
    "issue_days": 28,
    "first_issue": "2026-08-03",
    "last_issue": "2026-08-30",
    "mae": 0.3188071428571429,
    "rmse": 0.4902482570814798,
    "bias": -0.298745238095238,
    "direction_accuracy": 0.5238095238095238,
    "skill": -0.10268467429794925,
    "overlapping_issue_pairs": 273,
    "total_issue_pairs": 378
  },
  {
    "protocol": "frozen_transfer",
    "window": 7,
    "horizon": 14,
    "model": "retail",
    "term": "all",
    "n": 84,
    "issue_days": 28,
    "first_issue": "2026-08-03",
    "last_issue": "2026-08-30",
    "mae": 0.31898840771591846,
    "rmse": 0.39106121596399573,
    "bias": 0.038115155395758694,
    "direction_accuracy": 0.4523809523809524,
    "skill": -0.10331163008058719,
    "overlapping_issue_pairs": 273,
    "total_issue_pairs": 378
  },
  {
    "protocol": "frozen_transfer",
    "window": 7,
    "horizon": 14,
    "model": "rolling",
    "term": "all",
    "n": 84,
    "issue_days": 28,
    "first_issue": "2026-08-03",
    "last_issue": "2026-08-30",
    "mae": 0.30656381579402625,
    "rmse": 0.35949070006173167,
    "bias": 0.004823777770078882,
    "direction_accuracy": 0.38095238095238093,
    "skill": -0.06033766477386959,
    "overlapping_issue_pairs": 273,
    "total_issue_pairs": 378
  },
  {
    "protocol": "frozen_transfer",
    "window": 7,
    "horizon": 14,
    "model": "unchanged",
    "term": "all",
    "n": 84,
    "issue_days": 28,
    "first_issue": "2026-08-03",
    "last_issue": "2026-08-30",
    "mae": 0.2891190476190477,
    "rmse": 0.4624418784586675,
    "bias": -0.25888809523809514,
    "direction_accuracy": 0.5357142857142857,
    "skill": 0.0,
    "overlapping_issue_pairs": 273,
    "total_issue_pairs": 378
  },
  {
    "protocol": "frozen_transfer",
    "window": 7,
    "horizon": 30,
    "model": "basket",
    "term": "all",
    "n": 36,
    "issue_days": 12,
    "first_issue": "2026-08-03",
    "last_issue": "2026-08-14",
    "mae": 0.48576096355387954,
    "rmse": 0.5523249843492299,
    "bias": -0.008165190048843477,
    "direction_accuracy": 0.75,
    "skill": 0.2018714913881624,
    "overlapping_issue_pairs": 66,
    "total_issue_pairs": 66
  },
  {
    "protocol": "frozen_transfer",
    "window": 7,
    "horizon": 30,
    "model": "basket_abstain",
    "term": "all",
    "n": 36,
    "issue_days": 12,
    "first_issue": "2026-08-03",
    "last_issue": "2026-08-14",
    "mae": 0.48576096355387954,
    "rmse": 0.5523249843492299,
    "bias": -0.008165190048843477,
    "direction_accuracy": 0.75,
    "skill": 0.2018714913881624,
    "overlapping_issue_pairs": 66,
    "total_issue_pairs": 66
  },
  {
    "protocol": "frozen_transfer",
    "window": 7,
    "horizon": 30,
    "model": "gap",
    "term": "all",
    "n": 36,
    "issue_days": 12,
    "first_issue": "2026-08-03",
    "last_issue": "2026-08-14",
    "mae": 0.6569250000000001,
    "rmse": 0.859306331519144,
    "bias": -0.6569250000000001,
    "direction_accuracy": 0.2777777777777778,
    "skill": -0.0793592113370305,
    "overlapping_issue_pairs": 66,
    "total_issue_pairs": 66
  },
  {
    "protocol": "frozen_transfer",
    "window": 7,
    "horizon": 30,
    "model": "retail",
    "term": "all",
    "n": 36,
    "issue_days": 12,
    "first_issue": "2026-08-03",
    "last_issue": "2026-08-14",
    "mae": 0.4794212885584921,
    "rmse": 0.5497932522385582,
    "bias": 0.007920259308717105,
    "direction_accuracy": 0.75,
    "skill": 0.21228788078292515,
    "overlapping_issue_pairs": 66,
    "total_issue_pairs": 66
  },
  {
    "protocol": "frozen_transfer",
    "window": 7,
    "horizon": 30,
    "model": "rolling",
    "term": "all",
    "n": 36,
    "issue_days": 12,
    "first_issue": "2026-08-03",
    "last_issue": "2026-08-14",
    "mae": 0.43633331263250485,
    "rmse": 0.49110890928915596,
    "bias": 0.02278795083358244,
    "direction_accuracy": 0.75,
    "skill": 0.28308348715135767,
    "overlapping_issue_pairs": 66,
    "total_issue_pairs": 66
  },
  {
    "protocol": "frozen_transfer",
    "window": 7,
    "horizon": 30,
    "model": "unchanged",
    "term": "all",
    "n": 36,
    "issue_days": 12,
    "first_issue": "2026-08-03",
    "last_issue": "2026-08-14",
    "mae": 0.6086249999999999,
    "rmse": 0.8247435808581153,
    "bias": -0.6084472222222221,
    "direction_accuracy": 0.25,
    "skill": 0.0,
    "overlapping_issue_pairs": 66,
    "total_issue_pairs": 66
  },
  {
    "protocol": "frozen_transfer",
    "window": 14,
    "horizon": 14,
    "model": "basket",
    "term": "all",
    "n": 63,
    "issue_days": 21,
    "first_issue": "2026-08-10",
    "last_issue": "2026-08-30",
    "mae": 0.27033499850205606,
    "rmse": 0.29668590475540996,
    "bias": 0.07098500697020817,
    "direction_accuracy": 0.4603174603174603,
    "skill": -0.17206932210404946,
    "overlapping_issue_pairs": 182,
    "total_issue_pairs": 210
  },
  {
    "protocol": "frozen_transfer",
    "window": 14,
    "horizon": 14,
    "model": "basket_abstain",
    "term": "all",
    "n": 63,
    "issue_days": 21,
    "first_issue": "2026-08-10",
    "last_issue": "2026-08-30",
    "mae": 0.27084519765978887,
    "rmse": 0.2967625474335498,
    "bias": 0.06673330136603632,
    "direction_accuracy": 0.4603174603174603,
    "skill": -0.17428135082491591,
    "overlapping_issue_pairs": 182,
    "total_issue_pairs": 210
  },
  {
    "protocol": "frozen_transfer",
    "window": 14,
    "horizon": 14,
    "model": "gap",
    "term": "all",
    "n": 63,
    "issue_days": 21,
    "first_issue": "2026-08-10",
    "last_issue": "2026-08-30",
    "mae": 0.2608095238095238,
    "rmse": 0.3807489353183167,
    "bias": -0.23406031746031727,
    "direction_accuracy": 0.5396825396825397,
    "skill": -0.1307705012800391,
    "overlapping_issue_pairs": 182,
    "total_issue_pairs": 210
  },
  {
    "protocol": "frozen_transfer",
    "window": 14,
    "horizon": 14,
    "model": "retail",
    "term": "all",
    "n": 63,
    "issue_days": 21,
    "first_issue": "2026-08-10",
    "last_issue": "2026-08-30",
    "mae": 0.27602999047438853,
    "rmse": 0.29685366366319776,
    "bias": 0.09911388735745522,
    "direction_accuracy": 0.4126984126984127,
    "skill": -0.1967606325795186,
    "overlapping_issue_pairs": 182,
    "total_issue_pairs": 210
  },
  {
    "protocol": "frozen_transfer",
    "window": 14,
    "horizon": 14,
    "model": "rolling",
    "term": "all",
    "n": 63,
    "issue_days": 21,
    "first_issue": "2026-08-10",
    "last_issue": "2026-08-30",
    "mae": 0.2516044452583012,
    "rmse": 0.28188897829719006,
    "bias": 0.06326969618123444,
    "direction_accuracy": 0.47619047619047616,
    "skill": -0.09086079577676154,
    "overlapping_issue_pairs": 182,
    "total_issue_pairs": 210
  },
  {
    "protocol": "frozen_transfer",
    "window": 14,
    "horizon": 14,
    "model": "unchanged",
    "term": "all",
    "n": 63,
    "issue_days": 21,
    "first_issue": "2026-08-10",
    "last_issue": "2026-08-30",
    "mae": 0.23064761904761918,
    "rmse": 0.33914674259953187,
    "bias": -0.19902539682539677,
    "direction_accuracy": 0.5714285714285714,
    "skill": 0.0,
    "overlapping_issue_pairs": 182,
    "total_issue_pairs": 210
  },
  {
    "protocol": "frozen_transfer",
    "window": 14,
    "horizon": 30,
    "model": "basket",
    "term": "all",
    "n": 15,
    "issue_days": 5,
    "first_issue": "2026-08-10",
    "last_issue": "2026-08-14",
    "mae": 0.32523039844864804,
    "rmse": 0.3979562152861089,
    "bias": -0.0587504726248337,
    "direction_accuracy": 1,
    "skill": 0.5347470839313229,
    "overlapping_issue_pairs": 10,
    "total_issue_pairs": 10
  },
  {
    "protocol": "frozen_transfer",
    "window": 14,
    "horizon": 30,
    "model": "basket_abstain",
    "term": "all",
    "n": 15,
    "issue_days": 5,
    "first_issue": "2026-08-10",
    "last_issue": "2026-08-14",
    "mae": 0.32523039844864804,
    "rmse": 0.3979562152861089,
    "bias": -0.0587504726248337,
    "direction_accuracy": 1,
    "skill": 0.5347470839313229,
    "overlapping_issue_pairs": 10,
    "total_issue_pairs": 10
  },
  {
    "protocol": "frozen_transfer",
    "window": 14,
    "horizon": 30,
    "model": "gap",
    "term": "all",
    "n": 15,
    "issue_days": 5,
    "first_issue": "2026-08-10",
    "last_issue": "2026-08-14",
    "mae": 0.7393333333333332,
    "rmse": 0.8618515525696212,
    "bias": -0.7393333333333332,
    "direction_accuracy": 0,
    "skill": -0.05764095521477075,
    "overlapping_issue_pairs": 10,
    "total_issue_pairs": 10
  },
  {
    "protocol": "frozen_transfer",
    "window": 14,
    "horizon": 30,
    "model": "retail",
    "term": "all",
    "n": 15,
    "issue_days": 5,
    "first_issue": "2026-08-10",
    "last_issue": "2026-08-14",
    "mae": 0.31733196478065023,
    "rmse": 0.3885102300098328,
    "bias": -0.053304180356562376,
    "direction_accuracy": 1,
    "skill": 0.5460460563334713,
    "overlapping_issue_pairs": 10,
    "total_issue_pairs": 10
  },
  {
    "protocol": "frozen_transfer",
    "window": 14,
    "horizon": 30,
    "model": "rolling",
    "term": "all",
    "n": 15,
    "issue_days": 5,
    "first_issue": "2026-08-10",
    "last_issue": "2026-08-14",
    "mae": 0.2489098695309109,
    "rmse": 0.294583846714059,
    "bias": -0.00432576189726952,
    "direction_accuracy": 1,
    "skill": 0.6439261422366231,
    "overlapping_issue_pairs": 10,
    "total_issue_pairs": 10
  },
  {
    "protocol": "frozen_transfer",
    "window": 14,
    "horizon": 30,
    "model": "unchanged",
    "term": "all",
    "n": 15,
    "issue_days": 5,
    "first_issue": "2026-08-10",
    "last_issue": "2026-08-14",
    "mae": 0.6990399999999999,
    "rmse": 0.8117999482631173,
    "bias": -0.6990399999999999,
    "direction_accuracy": 0,
    "skill": 0.0,
    "overlapping_issue_pairs": 10,
    "total_issue_pairs": 10
  }
]
