{
  "php_replay_median_rows_checked": 147,
  "previous_30day_matched": {
    "n": 48,
    "issue_days": 16,
    "unchanged_mae": 0.7002937499999997,
    "gap_mae": 0.7458104166666665,
    "momentum_mae": null,
    "gap_improvement_fraction": -0.06499653419249674,
    "momentum_improvement_fraction": null
  },
  "canonical_metrics": [
    {
      "basis": "canonical_calculation",
      "term": "all",
      "horizon": 14,
      "cohort": "all_models",
      "n": 63,
      "issue_days": 21,
      "unchanged_mae": 0.23064761904761918,
      "gap_mae": 0.2608095238095238,
      "momentum_mae": 0.485484126984127,
      "gap_improvement_fraction": -0.1307705012800391,
      "momentum_improvement_fraction": -1.1048737853387278
    },
    {
      "basis": "canonical_calculation",
      "term": "all",
      "horizon": 14,
      "cohort": "gap_available_only",
      "n": 105,
      "issue_days": 35,
      "unchanged_mae": 0.3816228571428572,
      "gap_mae": 0.4047542857142858,
      "momentum_mae": null,
      "gap_improvement_fraction": -0.06061332055582169,
      "momentum_improvement_fraction": null
    },
    {
      "basis": "canonical_calculation",
      "term": "all",
      "horizon": 14,
      "cohort": "common_14_30_45_all_models",
      "n": 0,
      "issue_days": 0,
      "unchanged_mae": null,
      "gap_mae": null,
      "momentum_mae": null,
      "gap_improvement_fraction": null,
      "momentum_improvement_fraction": null
    },
    {
      "basis": "canonical_calculation",
      "term": "all",
      "horizon": 30,
      "cohort": "all_models",
      "n": 15,
      "issue_days": 5,
      "unchanged_mae": 0.6990399999999999,
      "gap_mae": 0.7393333333333332,
      "momentum_mae": 1.008866666666667,
      "gap_improvement_fraction": -0.05764095521477075,
      "momentum_improvement_fraction": -0.4432173647669191
    },
    {
      "basis": "canonical_calculation",
      "term": "all",
      "horizon": 30,
      "cohort": "gap_available_only",
      "n": 57,
      "issue_days": 19,
      "unchanged_mae": 0.7026087719298243,
      "gap_mae": 0.7319736842105262,
      "momentum_mae": null,
      "gap_improvement_fraction": -0.04179411566417923,
      "momentum_improvement_fraction": null
    },
    {
      "basis": "canonical_calculation",
      "term": "all",
      "horizon": 30,
      "cohort": "common_14_30_45_all_models",
      "n": 0,
      "issue_days": 0,
      "unchanged_mae": null,
      "gap_mae": null,
      "momentum_mae": null,
      "gap_improvement_fraction": null,
      "momentum_improvement_fraction": null
    },
    {
      "basis": "canonical_calculation",
      "term": "all",
      "horizon": 45,
      "cohort": "all_models",
      "n": 0,
      "issue_days": 0,
      "unchanged_mae": null,
      "gap_mae": null,
      "momentum_mae": null,
      "gap_improvement_fraction": null,
      "momentum_improvement_fraction": null
    },
    {
      "basis": "canonical_calculation",
      "term": "all",
      "horizon": 45,
      "cohort": "gap_available_only",
      "n": 12,
      "issue_days": 4,
      "unchanged_mae": 1.5351249999999999,
      "gap_mae": 1.581375,
      "momentum_mae": null,
      "gap_improvement_fraction": -0.030127839752463137,
      "momentum_improvement_fraction": null
    },
    {
      "basis": "canonical_calculation",
      "term": "all",
      "horizon": 45,
      "cohort": "common_14_30_45_all_models",
      "n": 0,
      "issue_days": 0,
      "unchanged_mae": null,
      "gap_mae": null,
      "momentum_mae": null,
      "gap_improvement_fraction": null,
      "momentum_improvement_fraction": null
    },
    {
      "basis": "canonical_calculation",
      "term": "all",
      "horizon": 60,
      "cohort": "all_models",
      "n": 0,
      "issue_days": 0,
      "unchanged_mae": null,
      "gap_mae": null,
      "momentum_mae": null,
      "gap_improvement_fraction": null,
      "momentum_improvement_fraction": null
    },
    {
      "basis": "canonical_calculation",
      "term": "all",
      "horizon": 60,
      "cohort": "gap_available_only",
      "n": 0,
      "issue_days": 0,
      "unchanged_mae": null,
      "gap_mae": null,
      "momentum_mae": null,
      "gap_improvement_fraction": null,
      "momentum_improvement_fraction": null
    },
    {
      "basis": "canonical_calculation",
      "term": "all",
      "horizon": 60,
      "cohort": "common_14_30_45_all_models",
      "n": 0,
      "issue_days": 0,
      "unchanged_mae": null,
      "gap_mae": null,
      "momentum_mae": null,
      "gap_improvement_fraction": null,
      "momentum_improvement_fraction": null
    }
  ]
}
